<html>
<body>
<pre>
<h1>µVision Build Log</h1>
<h2>Project:</h2>
C:\Keil\Labware\Lab11_UART\Lab11.uvproj
Project File Date:  09/06/2019

<h2>Output:</h2>
Build target 'Lab11'
linking...
Program Size: Code=3440 RO-data=696 RW-data=52 ZI-data=1764  
".\Lab11.axf" - 0 Error(s), 0 Warning(s).
Load "C:\\Keil\\Labware\\Lab11_UART\\Lab11.axf" 
Connecting: Mode=JTAG, Speed=1000000Hz
Erase Done.
Programming Done.
Verify OK.
</pre>
</body>
</html>
 ends without a newline
        
UART.c: 1 warning, 2 errors
".\Lab11.axf" - 2 Error(s), 1 Warning(s).
Target not created
